Archive member included to satisfy reference by file (symbol)

D:/Program Files/SEGGER/SEGGER Embedded Studio for ARM 4.30/lib/libc_v7em_fpv4_sp_d16_hard_t_le_eabi.a(libc2.o)
                              Output/STM32F429_TESTCASE Debug/Obj/SEGGER_RTT_SES.o (vsnprintf)
D:/Program Files/SEGGER/SEGGER Embedded Studio for ARM 4.30/lib/libc_v7em_fpv4_sp_d16_hard_t_le_eabi.a(libc2_asm.o)
                              Output/STM32F429_TESTCASE Debug/Obj/SEGGER_RTT.o (memcpy)
D:/Program Files/SEGGER/SEGGER Embedded Studio for ARM 4.30/lib/libc_v7em_fpv4_sp_d16_hard_t_le_eabi.a(libc.o)
                              D:/Program Files/SEGGER/SEGGER Embedded Studio for ARM 4.30/lib/libc_v7em_fpv4_sp_d16_hard_t_le_eabi.a(libc2.o) (__heap_lock)
D:/Program Files/SEGGER/SEGGER Embedded Studio for ARM 4.30/lib/libc_v7em_fpv4_sp_d16_hard_t_le_eabi.a(libc_asm.o)
                              D:/Program Files/SEGGER/SEGGER Embedded Studio for ARM 4.30/lib/libc_v7em_fpv4_sp_d16_hard_t_le_eabi.a(libc2.o) (__aeabi_uldivmod)
D:/Program Files/SEGGER/SEGGER Embedded Studio for ARM 4.30/lib/libdebugio_v7em_fpv4_sp_d16_hard_t_le_eabi.a(libdebugio.o)
                              Output/STM32F429_TESTCASE Debug/Obj/thumb_crt0.o (debug_fopen)
D:/Program Files/SEGGER/SEGGER Embedded Studio for ARM 4.30/lib/libdebugio_mempoll_v7em_fpv4_sp_d16_hard_t_le_eabi.a(mempoll_debug_operations.o)
                              D:/Program Files/SEGGER/SEGGER Embedded Studio for ARM 4.30/lib/libdebugio_v7em_fpv4_sp_d16_hard_t_le_eabi.a(libdebugio.o) (__do_debug_operation)
D:/Program Files/SEGGER/SEGGER Embedded Studio for ARM 4.30/lib/libdebugio_mempoll_v7em_fpv4_sp_d16_hard_t_le_eabi.a(do_nv_debug_operation.o)
                              D:/Program Files/SEGGER/SEGGER Embedded Studio for ARM 4.30/lib/libdebugio_v7em_fpv4_sp_d16_hard_t_le_eabi.a(libdebugio.o) (__do_nvdebug_operation)
D:/Program Files/SEGGER/SEGGER Embedded Studio for ARM 4.30/lib/libm_v7em_fpv4_sp_d16_hard_t_le_eabi.a(libm_asm.o)
                              D:/Program Files/SEGGER/SEGGER Embedded Studio for ARM 4.30/lib/libc_v7em_fpv4_sp_d16_hard_t_le_eabi.a(libc2.o) (__aeabi_dadd)
D:/Program Files/SEGGER/SEGGER Embedded Studio for ARM 4.30/lib/libm_v7em_fpv4_sp_d16_hard_t_le_eabi.a(libm2.o)
                              D:/Program Files/SEGGER/SEGGER Embedded Studio for ARM 4.30/lib/libvfprintf_v7em_fpv4_sp_d16_hard_t_le_eabi.o (frexp)

Discarded input sections

 .group         0x0000000000000000        0xc Output/STM32F429_TESTCASE Debug/Obj/system_stm32f4xx.o
 .group         0x0000000000000000        0xc Output/STM32F429_TESTCASE Debug/Obj/system_stm32f4xx.o
 .group         0x0000000000000000        0xc Output/STM32F429_TESTCASE Debug/Obj/system_stm32f4xx.o
 .group         0x0000000000000000        0xc Output/STM32F429_TESTCASE Debug/Obj/system_stm32f4xx.o
 .group         0x0000000000000000        0xc Output/STM32F429_TESTCASE Debug/Obj/system_stm32f4xx.o
 .group         0x0000000000000000        0xc Output/STM32F429_TESTCASE Debug/Obj/system_stm32f4xx.o
 .group         0x0000000000000000        0xc Output/STM32F429_TESTCASE Debug/Obj/system_stm32f4xx.o
 .group         0x0000000000000000        0xc Output/STM32F429_TESTCASE Debug/Obj/system_stm32f4xx.o
 .group         0x0000000000000000        0xc Output/STM32F429_TESTCASE Debug/Obj/system_stm32f4xx.o
 .text          0x0000000000000000        0x0 Output/STM32F429_TESTCASE Debug/Obj/system_stm32f4xx.o
 .data          0x0000000000000000        0x0 Output/STM32F429_TESTCASE Debug/Obj/system_stm32f4xx.o
 .bss           0x0000000000000000        0x0 Output/STM32F429_TESTCASE Debug/Obj/system_stm32f4xx.o
 .init          0x0000000000000000        0x0 Output/STM32F429_TESTCASE Debug/Obj/system_stm32f4xx.o
 .data.SystemCoreClock
                0x0000000000000000        0x4 Output/STM32F429_TESTCASE Debug/Obj/system_stm32f4xx.o
 .init_rodata.AHBPrescTable
                0x0000000000000000       0x10 Output/STM32F429_TESTCASE Debug/Obj/system_stm32f4xx.o
 .init_rodata.APBPrescTable
                0x0000000000000000        0x8 Output/STM32F429_TESTCASE Debug/Obj/system_stm32f4xx.o
 .init.SystemCoreClockUpdate
                0x0000000000000000       0xf0 Output/STM32F429_TESTCASE Debug/Obj/system_stm32f4xx.o
 .group         0x0000000000000000        0xc Output/STM32F429_TESTCASE Debug/Obj/SEGGER_RTT.o
 .group         0x0000000000000000        0xc Output/STM32F429_TESTCASE Debug/Obj/SEGGER_RTT.o
 .group         0x0000000000000000        0xc Output/STM32F429_TESTCASE Debug/Obj/SEGGER_RTT.o
 .group         0x0000000000000000        0xc Output/STM32F429_TESTCASE Debug/Obj/SEGGER_RTT.o
 .group         0x0000000000000000        0xc Output/STM32F429_TESTCASE Debug/Obj/SEGGER_RTT.o
 .group         0x0000000000000000        0xc Output/STM32F429_TESTCASE Debug/Obj/SEGGER_RTT.o
 .text          0x0000000000000000        0x0 Output/STM32F429_TESTCASE Debug/Obj/SEGGER_RTT.o
[...]
Memory Configuration

Name             Origin             Length             Attributes
UNPLACED_SECTIONS 0x0000000100000000 0x0000000000000000 xw
RAM2             0x0000000020000000 0x0000000000020000 xw
RAM              0x0000000010000000 0x0000000000010000 xw
FLASH            0x0000000008000000 0x0000000000080000 xr
*default*        0x0000000000000000 0xffffffffffffffff

Linker script and memory map

                0x0000000008000eb0                __vfprintf = __vfprintf_int_nwp
                0x0000000000000000                __vfscanf = __vfscanf_int
                0x0000000020000000                __RAM2_segment_start__ = 0x20000000
                0x0000000020020000                __RAM2_segment_end__ = 0x20020000
                0x0000000000020000                __RAM2_segment_size__ = 0x20000
                0x0000000010000000                __RAM_segment_start__ = 0x10000000
                0x0000000010010000                __RAM_segment_end__ = 0x10010000
                0x0000000000010000                __RAM_segment_size__ = 0x10000
                0x0000000008000000                __FLASH_segment_start__ = 0x8000000
                0x0000000008080000                __FLASH_segment_end__ = 0x8080000
                0x0000000000080000                __FLASH_segment_size__ = 0x80000
                0x0000000000000100                __HEAPSIZE__ = 0x100
                0x0000000000000000                __STACKSIZE_PROCESS__ = 0x0
                0x0000000000000100                __STACKSIZE__ = 0x100
                0x0000000020000000                __data2_run_load_start__ = ALIGN (__RAM2_segment_start__, 0x4)

.data2_run      0x0000000020000000        0x0
                0x0000000020000000                __data2_run_start__ = .
 *(.data2_run .data2_run.*)
                0x0000000020000000                __data2_run_end__ = (__data2_run_start__ + SIZEOF (.data2_run))
                0x0000000000000000                __data2_run_size__ = SIZEOF (.data2_run)
                0x0000000020000000                __data2_run_load_end__ = __data2_run_end__
                0x0000000000000001                . = ASSERT (((__data2_run_start__ == __data2_run_end__) || ((__data2_run_end__ - __RAM2_segment_start__) <= __RAM2_segment_size__)), error: .data2_run is too large to fit in RAM2 memory segment)
                0x0000000020000000                __bss2_load_start__ = ALIGN (__data2_run_end__, 0x4)

.bss2           0x0000000020000000        0x0
                0x0000000020000000                __bss2_start__ = .
 *(.bss2 .bss2.*)
                0x0000000020000000                __bss2_end__ = (__bss2_start__ + SIZEOF (.bss2))
                0x0000000000000000                __bss2_size__ = SIZEOF (.bss2)
                0x0000000020000000                __bss2_load_end__ = __bss2_end__
                0x0000000020000000                __RAM2_segment_used_end__ = (ALIGN (__data2_run_end__, 0x4) + SIZEOF (.bss2))
                0x0000000000000000                __RAM2_segment_used_size__ = (__RAM2_segment_used_end__ - __RAM2_segment_start__)
                0x0000000000000001                . = ASSERT (((__bss2_start__ == __bss2_end__) || ((__bss2_end__ - __RAM2_segment_start__) <= __RAM2_segment_size__)), error: .bss2 is too large to fit in RAM2 memory segment)
                0x0000000010000000                __vectors_ram_load_start__ = ALIGN (__RAM_segment_start__, 0x100)

.vectors_ram    0x0000000010000000        0x0
                0x0000000010000000                __vectors_ram_start__ = .
 *(.vectors_ram .vectors_ram.*)
                0x0000000010000000                __vectors_ram_end__ = (__vectors_ram_start__ + SIZEOF (.vectors_ram))
                0x0000000000000000                __vectors_ram_size__ = SIZEOF (.vectors_ram)
                0x0000000010000000                __vectors_ram_load_end__ = __vectors_ram_end__
                0x0000000000000001                . = ASSERT (((__vectors_ram_start__ == __vectors_ram_end__) || ((__vectors_ram_end__ - __RAM_segment_start__) <= __RAM_segment_size__)), error: .vectors_ram is too large to fit in RAM memory segment)
                0x0000000008000000                __vectors_load_start__ = ALIGN (__FLASH_segment_start__, 0x100)

.vectors        0x0000000008000000      0x188
                0x0000000008000000                __vectors_start__ = .
 *(.vectors .vectors.*)
 .vectors       0x0000000008000000      0x188 Output/STM32F429_TESTCASE Debug/Obj/STM32F40x_Vectors.o
                0x0000000008000000                _vectors
                0x0000000008000188                __vectors_end__ = (__vectors_start__ + SIZEOF (.vectors))
                0x0000000000000188                __vectors_size__ = SIZEOF (.vectors)
                0x0000000008000188                __vectors_load_end__ = __vectors_end__
                0x0000000000000001                . = ASSERT (((__vectors_start__ == __vectors_end__) || ((__vectors_end__ - __FLASH_segment_start__) <= __FLASH_segment_size__)), error: .vectors is too large to fit in FLASH memory segment)
                0x0000000008000188                __init_load_start__ = ALIGN (__vectors_end__, 0x4)

.init           0x0000000008000188      0x2a0
                0x0000000008000188                __init_start__ = .
 *(.init .init.*)
 .init.SystemInit
                0x0000000008000188       0x64 Output/STM32F429_TESTCASE Debug/Obj/system_stm32f4xx.o
                0x0000000008000188                SystemInit
 .init          0x00000000080001ec      0x154 Output/STM32F429_TESTCASE Debug/Obj/thumb_crt0.o
                0x00000000080001ec                _start
                0x000000000800029c                exit
 .init          0x0000000008000340       0x3c Output/STM32F429_TESTCASE Debug/Obj/STM32F4xx_Startup.o
                0x0000000008000340                Reset_Handler
 .init          0x000000000800037c       0xac Output/STM32F429_TESTCASE Debug/Obj/STM32F40x_Vectors.o
                0x000000000800037c                NMI_Handler
                0x000000000800037e                HardFault_Handler
                0x0000000008000380                SVC_Handler
                0x0000000008000382                PendSV_Handler
                0x0000000008000384                SysTick_Handler
                0x0000000008000388                WWDG_IRQHandler
                0x000000000800038a                PVD_IRQHandler
                0x000000000800038c                TAMP_STAMP_IRQHandler
                0x000000000800038e                RTC_WKUP_IRQHandler
                0x0000000008000390                RCC_IRQHandler
                0x0000000008000392                EXTI0_IRQHandler
                0x0000000008000394                EXTI1_IRQHandler
                0x0000000008000396                EXTI2_IRQHandler
                0x0000000008000398                EXTI3_IRQHandler
                0x000000000800039a                EXTI4_IRQHandler
                0x000000000800039c                DMA1_Stream0_IRQHandler
                0x000000000800039e                DMA1_Stream1_IRQHandler
                0x00000000080003a0                DMA1_Stream2_IRQHandler
                0x00000000080003a2                DMA1_Stream3_IRQHandler
                0x00000000080003a4                DMA1_Stream4_IRQHandler
                0x00000000080003a6                DMA1_Stream5_IRQHandler
                0x00000000080003a8                DMA1_Stream6_IRQHandler
                0x00000000080003aa                ADC_IRQHandler
                0x00000000080003ac                CAN1_TX_IRQHandler
                0x00000000080003ae                CAN1_RX0_IRQHandler
                0x00000000080003b0                CAN1_RX1_IRQHandler
                0x00000000080003b2                CAN1_SCE_IRQHandler
                0x00000000080003b4                EXTI9_5_IRQHandler
                0x00000000080003b6                TIM1_BRK_TIM9_IRQHandler
                0x00000000080003b8                TIM1_UP_TIM10_IRQHandler
                0x00000000080003ba                TIM1_TRG_COM_TIM11_IRQHandler
                0x00000000080003bc                TIM1_CC_IRQHandler
                0x00000000080003be                TIM2_IRQHandler
                0x00000000080003c0                TIM3_IRQHandler
                0x00000000080003c2                TIM4_IRQHandler
                0x00000000080003c4                I2C1_EV_IRQHandler
                0x00000000080003c6                I2C1_ER_IRQHandler
                0x00000000080003c8                I2C2_EV_IRQHandler
                0x00000000080003ca                I2C2_ER_IRQHandler
                0x00000000080003cc                SPI1_IRQHandler
                0x00000000080003ce                SPI2_IRQHandler
                0x00000000080003d2                USART2_IRQHandler
                0x00000000080003d4                USART3_IRQHandler
                0x00000000080003d6                EXTI15_10_IRQHandler
                0x00000000080003d8                RTC_Alarm_IRQHandler
                0x00000000080003da                OTG_FS_WKUP_IRQHandler
                0x00000000080003dc                TIM8_BRK_TIM12_IRQHandler
                0x00000000080003de                TIM8_UP_TIM13_IRQHandler
                0x00000000080003e0                TIM8_TRG_COM_TIM14_IRQHandler
                0x00000000080003e2                TIM8_CC_IRQHandler
                0x00000000080003e4                DMA1_Stream7_IRQHandler
                0x00000000080003e6                FSMC_IRQHandler
                0x00000000080003e8                SDIO_IRQHandler
                0x00000000080003ea                TIM5_IRQHandler
                0x00000000080003ec                SPI3_IRQHandler
                0x00000000080003ee                UART4_IRQHandler
                0x00000000080003f0                UART5_IRQHandler
                0x00000000080003f2                TIM6_DAC_IRQHandler
                0x00000000080003f4                TIM7_IRQHandler
                0x00000000080003f6                DMA2_Stream0_IRQHandler
                0x00000000080003f8                DMA2_Stream1_IRQHandler
                0x00000000080003fa                DMA2_Stream2_IRQHandler
                0x00000000080003fc                DMA2_Stream3_IRQHandler
                0x00000000080003fe                DMA2_Stream4_IRQHandler
                0x0000000008000400                ETH_IRQHandler
                0x0000000008000402                ETH_WKUP_IRQHandler
                0x0000000008000404                CAN2_TX_IRQHandler
                0x0000000008000406                CAN2_RX0_IRQHandler
                0x0000000008000408                CAN2_RX1_IRQHandler
                0x000000000800040a                CAN2_SCE_IRQHandler
                0x000000000800040c                OTG_FS_IRQHandler
                0x000000000800040e                DMA2_Stream5_IRQHandler
                0x0000000008000410                DMA2_Stream6_IRQHandler
                0x0000000008000412                DMA2_Stream7_IRQHandler
                0x0000000008000414                USART6_IRQHandler
                0x0000000008000416                I2C3_EV_IRQHandler
                0x0000000008000418                I2C3_ER_IRQHandler
                0x000000000800041a                OTG_HS_EP1_OUT_IRQHandler
                0x000000000800041c                OTG_HS_EP1_IN_IRQHandler
                0x000000000800041e                OTG_HS_WKUP_IRQHandler
                0x0000000008000420                OTG_HS_IRQHandler
                0x0000000008000422                DCMI_IRQHandler
                0x0000000008000424                FPU_IRQHandler
                0x0000000008000428                __init_end__ = (__init_start__ + SIZEOF (.init))
                0x00000000000002a0                __init_size__ = SIZEOF (.init)
                0x0000000008000428                __init_load_end__ = __init_end__
                0x0000000000000001                . = ASSERT (((__init_start__ == __init_end__) || ((__init_end__ - __FLASH_segment_start__) <= __FLASH_segment_size__)), error: .init is too large to fit in FLASH memory segment)
                0x0000000008000428                __init_rodata_load_start__ = ALIGN (__init_end__, 0x4)

.init_rodata    0x0000000008000428        0x0
                0x0000000008000428                __init_rodata_start__ = .
 *(.init_rodata .init_rodata.*)
                0x0000000008000428                __init_rodata_end__ = (__init_rodata_start__ + SIZEOF (.init_rodata))
                0x0000000000000000                __init_rodata_size__ = SIZEOF (.init_rodata)
                0x0000000008000428                __init_rodata_load_end__ = __init_rodata_end__
                0x0000000000000001                . = ASSERT (((__init_rodata_start__ == __init_rodata_end__) || ((__init_rodata_end__ - __FLASH_segment_start__) <= __FLASH_segment_size__)), error: .init_rodata is too large to fit in FLASH memory segment)
                0x0000000008000428                __text_load_start__ = ALIGN (__init_rodata_end__, 0x4)

.text           0x0000000008000428      0xf9c
                0x0000000008000428                __text_start__ = .
 *(.text .text.* .glue_7t .glue_7 .gnu.linkonce.t.* .gcc_except_table .ARM.extab* .gnu.linkonce.armextab.*)
 .glue_7        0x0000000008000428        0x0 linker stubs
 .glue_7t       0x0000000008000428        0x0 linker stubs
 .text._DoInit  0x0000000008000428       0x9c Output/STM32F429_TESTCASE Debug/Obj/SEGGER_RTT.o
 .text._WriteBlocking
                0x00000000080004c4       0xb2 Output/STM32F429_TESTCASE Debug/Obj/SEGGER_RTT.o
 .text._WriteNoCheck
                0x0000000008000576       0x7e Output/STM32F429_TESTCASE Debug/Obj/SEGGER_RTT.o
 .text._GetAvailWriteSpace
                0x00000000080005f4       0x3c Output/STM32F429_TESTCASE Debug/Obj/SEGGER_RTT.o
 .text.SEGGER_RTT_WriteNoLock
                0x0000000008000630       0x9c Output/STM32F429_TESTCASE Debug/Obj/SEGGER_RTT.o
                0x0000000008000630                SEGGER_RTT_WriteNoLock
 .text.SEGGER_RTT_Write
                0x00000000080006cc       0x44 Output/STM32F429_TESTCASE Debug/Obj/SEGGER_RTT.o
                0x00000000080006cc                SEGGER_RTT_Write
 .text.printf   0x0000000008000710       0x32 Output/STM32F429_TESTCASE Debug/Obj/SEGGER_RTT_SES.o
                0x0000000008000710                printf
 *fill*         0x0000000008000742        0x2 
 .text.uart_putc
                0x0000000008000744       0x28 Output/STM32F429_TESTCASE Debug/Obj/main.o
                0x0000000008000744                uart_putc
 .text.main     0x000000000800076c       0x40 Output/STM32F429_TESTCASE Debug/Obj/main.o
                0x000000000800076c                main
 .text.MY_NVIC_SetVectorTable
                0x00000000080007ac       0x24 Output/STM32F429_TESTCASE Debug/Obj/sys.o
                0x00000000080007ac                MY_NVIC_SetVectorTable
 .text.MY_NVIC_PriorityGroupConfig
                0x00000000080007d0       0x50 Output/STM32F429_TESTCASE Debug/Obj/sys.o
                0x00000000080007d0                MY_NVIC_PriorityGroupConfig
 .text.MY_NVIC_Init
                0x0000000008000820       0xbc Output/STM32F429_TESTCASE Debug/Obj/sys.o
                0x0000000008000820                MY_NVIC_Init
 .text.GPIO_AF_Set
                0x00000000080008dc       0x8a Output/STM32F429_TESTCASE Debug/Obj/sys.o
                0x00000000080008dc                GPIO_AF_Set
 .text.GPIO_Set
                0x0000000008000966       0xf8 Output/STM32F429_TESTCASE Debug/Obj/sys.o
                0x0000000008000966                GPIO_Set
 *fill*         0x0000000008000a5e        0x2 
 .text.Sys_Clock_Set
                0x0000000008000a60      0x130 Output/STM32F429_TESTCASE Debug/Obj/sys.o
                0x0000000008000a60                Sys_Clock_Set
 .text.Stm32_Clock_Init
                0x0000000008000b90       0x6c Output/STM32F429_TESTCASE Debug/Obj/sys.o
                0x0000000008000b90                Stm32_Clock_Init
 .text.USART1_IRQHandler
                0x0000000008000bfc       0xa4 Output/STM32F429_TESTCASE Debug/Obj/usart.o
                0x0000000008000bfc                USART1_IRQHandler
 .text.uart_init
                0x0000000008000ca0      0x128 Output/STM32F429_TESTCASE Debug/Obj/usart.o
                0x0000000008000ca0                uart_init
 .text.libc.__putc
                0x0000000008000dc8       0x34 D:/Program Files/SEGGER/SEGGER Embedded Studio for ARM 4.30/lib/libc_v7em_fpv4_sp_d16_hard_t_le_eabi.a(libc2.o)
                0x0000000008000dc8                __putc
 .text.libc.vsnprintf
                0x0000000008000dfc       0x1c D:/Program Files/SEGGER/SEGGER Embedded Studio for ARM 4.30/lib/libc_v7em_fpv4_sp_d16_hard_t_le_eabi.a(libc2.o)
                0x0000000008000dfc                vsnprintf
 .text.libc.memcpy
                0x0000000008000e18       0x52 D:/Program Files/SEGGER/SEGGER Embedded Studio for ARM 4.30/lib/libc_v7em_fpv4_sp_d16_hard_t_le_eabi.a(libc2_asm.o)
                0x0000000008000e18                __aeabi_memcpy
                0x0000000008000e18                memcpy
                0x0000000008000e24                __aeabi_memcpy8
                0x0000000008000e24                __aeabi_memcpy4
 .text.libc.strcpy
                0x0000000008000e6a       0x44 D:/Program Files/SEGGER/SEGGER Embedded Studio for ARM 4.30/lib/libc_v7em_fpv4_sp_d16_hard_t_le_eabi.a(libc2_asm.o)
                0x0000000008000e6a                strcpy
 *fill*         0x0000000008000eae        0x2 
 .text.libc.__vfprintf_int_nwp
                0x0000000008000eb0      0x514 D:/Program Files/SEGGER/SEGGER Embedded Studio for ARM 4.30/lib/libvfprintf_v7em_fpv4_sp_d16_hard_t_le_eabi.o
                0x0000000008000eb0                __vfprintf_int_nwp
                0x00000000080013c4                __text_end__ = (__text_start__ + SIZEOF (.text))
                0x0000000000000f9c                __text_size__ = SIZEOF (.text)
                0x00000000080013c4                __text_load_end__ = __text_end__

.vfp11_veneer   0x0000000100000000        0x0
 .vfp11_veneer  0x0000000100000000        0x0 linker stubs

.v4_bx          0x0000000100000000        0x0
 .v4_bx         0x0000000100000000        0x0 linker stubs

.iplt           0x0000000100000000        0x0
 .iplt          0x0000000100000000        0x0 Output/STM32F429_TESTCASE Debug/Obj/system_stm32f4xx.o
                0x0000000000000001                . = ASSERT (((__text_start__ == __text_end__) || ((__text_end__ - __FLASH_segment_start__) <= __FLASH_segment_size__)), error: .text is too large to fit in FLASH memory segment)
                0x00000000080013c4                __dtors_load_start__ = ALIGN (__text_end__, 0x4)

.dtors          0x00000000080013c4        0x0
                0x00000000080013c4                __dtors_start__ = .
 *(SORT_BY_NAME(.dtors.*))
 *(.dtors)
 *(.fini_array)
 *(SORT_BY_NAME(.fini_array.*))
                0x00000000080013c4                __dtors_end__ = (__dtors_start__ + SIZEOF (.dtors))
                0x0000000000000000                __dtors_size__ = SIZEOF (.dtors)
                0x00000000080013c4                __dtors_load_end__ = __dtors_end__
                0x0000000000000001                . = ASSERT (((__dtors_start__ == __dtors_end__) || ((__dtors_end__ - __FLASH_segment_start__) <= __FLASH_segment_size__)), error: .dtors is too large to fit in FLASH memory segment)
                0x00000000080013c4                __ctors_load_start__ = ALIGN (__dtors_end__, 0x4)

.ctors          0x00000000080013c4        0x0
                0x00000000080013c4                __ctors_start__ = .
 *(SORT_BY_NAME(.ctors.*))
 *(.ctors)
 *(.init_array)
 *(SORT_BY_NAME(.init_array.*))
                0x00000000080013c4                __ctors_end__ = (__ctors_start__ + SIZEOF (.ctors))
                0x0000000000000000                __ctors_size__ = SIZEOF (.ctors)
                0x00000000080013c4                __ctors_load_end__ = __ctors_end__
                0x0000000000000001                . = ASSERT (((__ctors_start__ == __ctors_end__) || ((__ctors_end__ - __FLASH_segment_start__) <= __FLASH_segment_size__)), error: .ctors is too large to fit in FLASH memory segment)
                0x00000000080013c4                __rodata_load_start__ = ALIGN (__ctors_end__, 0x4)

.rodata         0x00000000080013c4       0x40
                0x00000000080013c4                __rodata_start__ = .
 *(.rodata .rodata.* .gnu.linkonce.r.*)
 .rodata        0x00000000080013c4       0x17 Output/STM32F429_TESTCASE Debug/Obj/SEGGER_RTT.o
 *fill*         0x00000000080013db        0x1 
 .rodata        0x00000000080013dc        0x7 Output/STM32F429_TESTCASE Debug/Obj/main.o
 *fill*         0x00000000080013e3        0x1 
 .rodata.libc.__RAL_hex_lc
                0x00000000080013e4       0x10 D:/Program Files/SEGGER/SEGGER Embedded Studio for ARM 4.30/lib/libc_v7em_fpv4_sp_d16_hard_t_le_eabi.a(libc2.o)
                0x00000000080013e4                __RAL_hex_lc
 .rodata.libc.__RAL_hex_uc
                0x00000000080013f4       0x10 D:/Program Files/SEGGER/SEGGER Embedded Studio for ARM 4.30/lib/libc_v7em_fpv4_sp_d16_hard_t_le_eabi.a(libc2.o)
                0x00000000080013f4                __RAL_hex_uc
                0x0000000008001404                __rodata_end__ = (__rodata_start__ + SIZEOF (.rodata))
                0x0000000000000040                __rodata_size__ = SIZEOF (.rodata)
                0x0000000008001404                __rodata_load_end__ = __rodata_end__

.rel.dyn        0x0000000008000000        0x0
 .rel.iplt      0x0000000008000000        0x0 Output/STM32F429_TESTCASE Debug/Obj/system_stm32f4xx.o
                0x0000000000000001                . = ASSERT (((__rodata_start__ == __rodata_end__) || ((__rodata_end__ - __FLASH_segment_start__) <= __FLASH_segment_size__)), error: .rodata is too large to fit in FLASH memory segment)
                0x0000000008001404                __ARM.exidx_load_start__ = ALIGN (__rodata_end__, 0x4)

.ARM.exidx      0x0000000008001404        0x0
                0x0000000008001404                __ARM.exidx_start__ = .
                0x0000000008001404                __exidx_start = __ARM.exidx_start__
 *(.ARM.exidx .ARM.exidx.*)
                0x0000000008001404                __ARM.exidx_end__ = (__ARM.exidx_start__ + SIZEOF (.ARM.exidx))
                0x0000000000000000                __ARM.exidx_size__ = SIZEOF (.ARM.exidx)
                0x0000000008001404                __exidx_end = __ARM.exidx_end__
                0x0000000008001404                __ARM.exidx_load_end__ = __ARM.exidx_end__
                0x0000000000000001                . = ASSERT (((__ARM.exidx_start__ == __ARM.exidx_end__) || ((__ARM.exidx_end__ - __FLASH_segment_start__) <= __FLASH_segment_size__)), error: .ARM.exidx is too large to fit in FLASH memory segment)
                0x0000000008001404                __fast_load_start__ = ALIGN (__ARM.exidx_end__, 0x4)

.fast           0x0000000010000000        0x0 load address 0x0000000008001404
                0x0000000010000000                __fast_start__ = .
 *(.fast .fast.*)
                0x0000000010000000                __fast_end__ = (__fast_start__ + SIZEOF (.fast))
                0x0000000000000000                __fast_size__ = SIZEOF (.fast)
                0x0000000008001404                __fast_load_end__ = (__fast_load_start__ + SIZEOF (.fast))
                0x0000000000000001                . = ASSERT (((__fast_load_start__ == __fast_load_end__) || ((__fast_load_end__ - __FLASH_segment_start__) <= __FLASH_segment_size__)), error: .fast is too large to fit in FLASH memory segment)

.fast_run       0x0000000010000000        0x0
                0x0000000010000000                __fast_run_start__ = .
                0x0000000010000000                . = MAX ((__fast_run_start__ + SIZEOF (.fast)), .)
                0x0000000010000000                __fast_run_end__ = (__fast_run_start__ + SIZEOF (.fast_run))
                0x0000000000000000                __fast_run_size__ = SIZEOF (.fast_run)
                0x0000000010000000                __fast_run_load_end__ = __fast_run_end__
                0x0000000000000001                . = ASSERT (((__fast_run_start__ == __fast_run_end__) || ((__fast_run_end__ - __RAM_segment_start__) <= __RAM_segment_size__)), error: .fast_run is too large to fit in RAM memory segment)
                0x0000000008001404                __data_load_start__ = ALIGN ((__fast_load_start__ + SIZEOF (.fast)), 0x4)

.data           0x0000000010000000        0x0 load address 0x0000000008001404
                0x0000000010000000                __data_start__ = .
 *(.data .data.* .gnu.linkonce.d.*)
                0x0000000010000000                __data_end__ = (__data_start__ + SIZEOF (.data))
                0x0000000000000000                __data_size__ = SIZEOF (.data)
                0x0000000008001404                __data_load_end__ = (__data_load_start__ + SIZEOF (.data))

.igot.plt       0x0000000100000000        0x0
 .igot.plt      0x0000000100000000        0x0 Output/STM32F429_TESTCASE Debug/Obj/system_stm32f4xx.o
                0x0000000000000001                . = ASSERT (((__data_load_start__ == __data_load_end__) || ((__data_load_end__ - __FLASH_segment_start__) <= __FLASH_segment_size__)), error: .data is too large to fit in FLASH memory segment)

.data_run       0x0000000010000000        0x0
                0x0000000010000000                __data_run_start__ = .
                0x0000000010000000                . = MAX ((__data_run_start__ + SIZEOF (.data)), .)
                0x0000000010000000                __data_run_end__ = (__data_run_start__ + SIZEOF (.data_run))
                0x0000000000000000                __data_run_size__ = SIZEOF (.data_run)
                0x0000000010000000                __data_run_load_end__ = __data_run_end__
                0x0000000000000001                . = ASSERT (((__data_run_start__ == __data_run_end__) || ((__data_run_end__ - __RAM_segment_start__) <= __RAM_segment_size__)), error: .data_run is too large to fit in RAM memory segment)
                0x0000000010000000                __bss_load_start__ = ALIGN (__data_run_end__, 0x4)

.bss            0x0000000010000000      0x558
                0x0000000010000000                __bss_start__ = .
 *(.bss .bss.* .gnu.linkonce.b.*)
 .bss._SEGGER_RTT
                0x0000000010000000       0x78 Output/STM32F429_TESTCASE Debug/Obj/SEGGER_RTT.o
                0x0000000010000000                _SEGGER_RTT
 .bss._acUpBuffer
                0x0000000010000078      0x400 Output/STM32F429_TESTCASE Debug/Obj/SEGGER_RTT.o
 .bss._acDownBuffer
                0x0000000010000478       0x10 Output/STM32F429_TESTCASE Debug/Obj/SEGGER_RTT.o
 .bss.USART_RX_BUF
                0x0000000010000488       0xc8 Output/STM32F429_TESTCASE Debug/Obj/usart.o
                0x0000000010000488                USART_RX_BUF
 .bss.USART_RX_STA
                0x0000000010000550        0x2 Output/STM32F429_TESTCASE Debug/Obj/usart.o
                0x0000000010000550                USART_RX_STA
 *fill*         0x0000000010000552        0x2 
 .bss.libc.__user_format_extender
                0x0000000010000554        0x4 D:/Program Files/SEGGER/SEGGER Embedded Studio for ARM 4.30/lib/libc_v7em_fpv4_sp_d16_hard_t_le_eabi.a(libc2.o)
                0x0000000010000554                __user_format_extender
 *(COMMON)
                0x0000000010000558                __bss_end__ = (__bss_start__ + SIZEOF (.bss))
                0x0000000000000558                __bss_size__ = SIZEOF (.bss)
                0x0000000010000558                __bss_load_end__ = __bss_end__
                0x0000000000000001                . = ASSERT (((__bss_start__ == __bss_end__) || ((__bss_end__ - __RAM_segment_start__) <= __RAM_segment_size__)), error: .bss is too large to fit in RAM memory segment)
                0x0000000010000558                __tbss_load_start__ = ALIGN (__bss_end__, 0x4)

.tbss           0x0000000010000558        0x0
                0x0000000010000558                __tbss_start__ = .
 *(.tbss .tbss.*)
                0x0000000010000558                __tbss_end__ = (__tbss_start__ + SIZEOF (.tbss))
                0x0000000000000000                __tbss_size__ = SIZEOF (.tbss)
                0x0000000010000558                __tbss_load_end__ = __tbss_end__
                0x0000000000000001                . = ASSERT (((__tbss_start__ == __tbss_end__) || ((__tbss_end__ - __RAM_segment_start__) <= __RAM_segment_size__)), error: .tbss is too large to fit in RAM memory segment)
                0x0000000008001404                __tdata_load_start__ = ALIGN ((__data_load_start__ + SIZEOF (.data)), 0x4)

.tdata          0x0000000010000558        0x0 load address 0x0000000008001404
                0x0000000010000558                __tdata_start__ = .
 *(.tdata .tdata.*)
                0x0000000010000558                __tdata_end__ = (__tdata_start__ + SIZEOF (.tdata))
                0x0000000000000000                __tdata_size__ = SIZEOF (.tdata)
                0x0000000008001404                __tdata_load_end__ = (__tdata_load_start__ + SIZEOF (.tdata))
                0x0000000008001404                __FLASH_segment_used_end__ = (ALIGN ((__data_load_start__ + SIZEOF (.data)), 0x4) + SIZEOF (.tdata))
                0x0000000000001404                __FLASH_segment_used_size__ = (__FLASH_segment_used_end__ - __FLASH_segment_start__)
                0x0000000000000001                . = ASSERT (((__tdata_load_start__ == __tdata_load_end__) || ((__tdata_load_end__ - __FLASH_segment_start__) <= __FLASH_segment_size__)), error: .tdata is too large to fit in FLASH memory segment)

.tdata_run      0x0000000010000558        0x0
                0x0000000010000558                __tdata_run_start__ = .
                0x0000000010000558                . = MAX ((__tdata_run_start__ + SIZEOF (.tdata)), .)
                0x0000000010000558                __tdata_run_end__ = (__tdata_run_start__ + SIZEOF (.tdata_run))
                0x0000000000000000                __tdata_run_size__ = SIZEOF (.tdata_run)
                0x0000000010000558                __tdata_run_load_end__ = __tdata_run_end__
                0x0000000000000001                . = ASSERT (((__tdata_run_start__ == __tdata_run_end__) || ((__tdata_run_end__ - __RAM_segment_start__) <= __RAM_segment_size__)), error: .tdata_run is too large to fit in RAM memory segment)
                0x0000000010000558                __non_init_load_start__ = ALIGN (__tdata_run_end__, 0x4)

.non_init       0x0000000010000558        0x0
                0x0000000010000558                __non_init_start__ = .
 *(.non_init .non_init.*)
                0x0000000010000558                __non_init_end__ = (__non_init_start__ + SIZEOF (.non_init))
                0x0000000000000000                __non_init_size__ = SIZEOF (.non_init)
                0x0000000010000558                __non_init_load_end__ = __non_init_end__
                0x0000000000000001                . = ASSERT (((__non_init_start__ == __non_init_end__) || ((__non_init_end__ - __RAM_segment_start__) <= __RAM_segment_size__)), error: .non_init is too large to fit in RAM memory segment)
                0x0000000010000558                __heap_load_start__ = ALIGN (__non_init_end__, 0x4)

.heap           0x0000000010000558      0x100
                0x0000000010000558                __heap_start__ = .
 *(.heap .heap.*)
                0x0000000010000658                . = ALIGN (MAX ((__heap_start__ + __HEAPSIZE__), .), 0x4)
 *fill*         0x0000000010000558      0x100 
                0x0000000010000658                __heap_end__ = (__heap_start__ + SIZEOF (.heap))
                0x0000000000000100                __heap_size__ = SIZEOF (.heap)
                0x0000000010000658                __heap_load_end__ = __heap_end__
                0x0000000000000001                . = ASSERT (((__heap_start__ == __heap_end__) || ((__heap_end__ - __RAM_segment_start__) <= __RAM_segment_size__)), error: .heap is too large to fit in RAM memory segment)
                0x000000001000ff00                __stack_load_start__ = (__RAM_segment_start__ + (__RAM_segment_size__ - 0x100))

.stack          0x000000001000ff00      0x100
                0x000000001000ff00                __stack_start__ = .
 *(.stack .stack.*)
                0x0000000010010000                . = ALIGN (MAX ((__stack_start__ + __STACKSIZE__), .), 0x8)
 *fill*         0x000000001000ff00      0x100 
                0x0000000010010000                __stack_end__ = (__stack_start__ + SIZEOF (.stack))
                0x0000000000000100                __stack_size__ = SIZEOF (.stack)
                0x0000000010010000                __stack_load_end__ = __stack_end__
                0x0000000000000001                . = ASSERT (((__stack_start__ == __stack_end__) || ((__stack_end__ - __RAM_segment_start__) <= __RAM_segment_size__)), error: .stack is too large to fit in RAM memory segment)
                0x0000000000000001                . = ASSERT ((__heap_end__ <= __stack_start__), error: section .heap overlaps absolute placed section .stack)
                0x0000000010010000                __stack_process_load_start__ = ALIGN (__stack_end__, 0x8)

.stack_process  0x0000000010010000        0x0
                0x0000000010010000                __stack_process_start__ = .
 *(.stack_process .stack_process.*)
                0x0000000010010000                . = ALIGN (MAX ((__stack_process_start__ + __STACKSIZE_PROCESS__), .), 0x8)
                0x0000000010010000                __stack_process_end__ = (__stack_process_start__ + SIZEOF (.stack_process))
                0x0000000000000000                __stack_process_size__ = SIZEOF (.stack_process)
                0x0000000010010000                __stack_process_load_end__ = __stack_process_end__
                0x0000000010010000                __RAM_segment_used_end__ = (ALIGN (__stack_end__, 0x8) + SIZEOF (.stack_process))
                0x0000000000010000                __RAM_segment_used_size__ = (__RAM_segment_used_end__ - __RAM_segment_start__)
                0x0000000000000001                . = ASSERT (((__stack_process_start__ == __stack_process_end__) || ((__stack_process_end__ - __RAM_segment_start__) <= __RAM_segment_size__)), error: .stack_process is too large to fit in RAM memory segment)
START GROUP
LOAD Output/STM32F429_TESTCASE Debug/Obj/system_stm32f4xx.o
LOAD Output/STM32F429_TESTCASE Debug/Obj/SEGGER_RTT.o
LOAD Output/STM32F429_TESTCASE Debug/Obj/SEGGER_RTT_SES.o
LOAD Output/STM32F429_TESTCASE Debug/Obj/main.o
LOAD Output/STM32F429_TESTCASE Debug/Obj/thumb_crt0.o
LOAD Output/STM32F429_TESTCASE Debug/Obj/STM32F4xx_Startup.o
LOAD Output/STM32F429_TESTCASE Debug/Obj/STM32F40x_Vectors.o
LOAD Output/STM32F429_TESTCASE Debug/Obj/delay.o
LOAD Output/STM32F429_TESTCASE Debug/Obj/sys.o
LOAD Output/STM32F429_TESTCASE Debug/Obj/usart.o
LOAD D:/Program Files/SEGGER/SEGGER Embedded Studio for ARM 4.30/lib/libdebugio_mempoll_v7em_fpv4_sp_d16_hard_t_le_eabi.a
LOAD D:/Program Files/SEGGER/SEGGER Embedded Studio for ARM 4.30/lib/libm_v7em_fpv4_sp_d16_hard_t_le_eabi.a
LOAD D:/Program Files/SEGGER/SEGGER Embedded Studio for ARM 4.30/lib/libc_v7em_fpv4_sp_d16_hard_t_le_eabi.a
LOAD D:/Program Files/SEGGER/SEGGER Embedded Studio for ARM 4.30/lib/libcpp_v7em_fpv4_sp_d16_hard_t_le_eabi.a
LOAD D:/Program Files/SEGGER/SEGGER Embedded Studio for ARM 4.30/lib/libdebugio_v7em_fpv4_sp_d16_hard_t_le_eabi.a
LOAD D:/Program Files/SEGGER/SEGGER Embedded Studio for ARM 4.30/lib/libvfprintf_v7em_fpv4_sp_d16_hard_t_le_eabi.o
LOAD D:/Program Files/SEGGER/SEGGER Embedded Studio for ARM 4.30/lib/libvfscanf_v7em_fpv4_sp_d16_hard_t_le_eabi.o
END GROUP
OUTPUT(Output/Debug/Exe/STM32F429_TESTCASE.elf elf32-littlearm)

.debug_frame    0x0000000000000000      0x7f4
 .debug_frame   0x0000000000000000       0x40 Output/STM32F429_TESTCASE Debug/Obj/system_stm32f4xx.o
 .debug_frame   0x0000000000000040      0x4bc Output/STM32F429_TESTCASE Debug/Obj/SEGGER_RTT.o
 .debug_frame   0x00000000000004fc       0xc8 Output/STM32F429_TESTCASE Debug/Obj/SEGGER_RTT_SES.o
 .debug_frame   0x00000000000005c4       0x58 Output/STM32F429_TESTCASE Debug/Obj/main.o
 .debug_frame   0x000000000000061c      0x180 Output/STM32F429_TESTCASE Debug/Obj/sys.o
 .debug_frame   0x000000000000079c       0x58 Output/STM32F429_TESTCASE Debug/Obj/usart.o

.debug_info     0x0000000000000000     0x424b
 .debug_info    0x0000000000000000      0x514 Output/STM32F429_TESTCASE Debug/Obj/system_stm32f4xx.o
 .debug_info    0x0000000000000514     0x14ad Output/STM32F429_TESTCASE Debug/Obj/SEGGER_RTT.o
 .debug_info    0x00000000000019c1      0x87a Output/STM32F429_TESTCASE Debug/Obj/SEGGER_RTT_SES.o
 .debug_info    0x000000000000223b      0x7be Output/STM32F429_TESTCASE Debug/Obj/main.o
 .debug_info    0x00000000000029f9       0x22 Output/STM32F429_TESTCASE Debug/Obj/thumb_crt0.o
 .debug_info    0x0000000000002a1b       0x26 Output/STM32F429_TESTCASE Debug/Obj/STM32F4xx_Startup.o
 .debug_info    0x0000000000002a41       0x26 Output/STM32F429_TESTCASE Debug/Obj/STM32F40x_Vectors.o
 .debug_info    0x0000000000002a67      0xb3f Output/STM32F429_TESTCASE Debug/Obj/sys.o
 .debug_info    0x00000000000035a6      0xca5 Output/STM32F429_TESTCASE Debug/Obj/usart.o

.debug_abbrev   0x0000000000000000      0xb2b
 .debug_abbrev  0x0000000000000000      0x12c Output/STM32F429_TESTCASE Debug/Obj/system_stm32f4xx.o
 .debug_abbrev  0x000000000000012c      0x267 Output/STM32F429_TESTCASE Debug/Obj/SEGGER_RTT.o
 .debug_abbrev  0x0000000000000393      0x1db Output/STM32F429_TESTCASE Debug/Obj/SEGGER_RTT_SES.o
 .debug_abbrev  0x000000000000056e      0x1a8 Output/STM32F429_TESTCASE Debug/Obj/main.o
 .debug_abbrev  0x0000000000000716       0x12 Output/STM32F429_TESTCASE Debug/Obj/thumb_crt0.o
 .debug_abbrev  0x0000000000000728       0x14 Output/STM32F429_TESTCASE Debug/Obj/STM32F4xx_Startup.o
 .debug_abbrev  0x000000000000073c       0x14 Output/STM32F429_TESTCASE Debug/Obj/STM32F40x_Vectors.o
 .debug_abbrev  0x0000000000000750      0x1ff Output/STM32F429_TESTCASE Debug/Obj/sys.o
 .debug_abbrev  0x000000000000094f      0x1dc Output/STM32F429_TESTCASE Debug/Obj/usart.o

.debug_pubnames
                0x0000000000000000      0xc6d
 .debug_pubnames
                0x0000000000000000       0x73 Output/STM32F429_TESTCASE Debug/Obj/system_stm32f4xx.o
 .debug_pubnames
                0x0000000000000073      0x3dc Output/STM32F429_TESTCASE Debug/Obj/SEGGER_RTT.o
 .debug_pubnames
                0x000000000000044f       0x42 Output/STM32F429_TESTCASE Debug/Obj/SEGGER_RTT_SES.o
 .debug_pubnames
                0x0000000000000491       0x29 Output/STM32F429_TESTCASE Debug/Obj/main.o
 .debug_pubnames
                0x00000000000004ba      0x105 Output/STM32F429_TESTCASE Debug/Obj/sys.o
 .debug_pubnames
                0x00000000000005bf      0x6ae Output/STM32F429_TESTCASE Debug/Obj/usart.o

.debug_pubtypes
                0x0000000000000000      0x942
 .debug_pubtypes
                0x0000000000000000       0xe1 Output/STM32F429_TESTCASE Debug/Obj/system_stm32f4xx.o
 .debug_pubtypes
                0x00000000000000e1      0x178 Output/STM32F429_TESTCASE Debug/Obj/SEGGER_RTT.o
 .debug_pubtypes
                0x0000000000000259      0x1be Output/STM32F429_TESTCASE Debug/Obj/SEGGER_RTT_SES.o
 .debug_pubtypes
                0x0000000000000417      0x1c7 Output/STM32F429_TESTCASE Debug/Obj/main.o
 .debug_pubtypes
                0x00000000000005de      0x16a Output/STM32F429_TESTCASE Debug/Obj/sys.o
 .debug_pubtypes
                0x0000000000000748      0x1fa Output/STM32F429_TESTCASE Debug/Obj/usart.o

.debug_aranges  0x0000000000000000      0x300
 .debug_aranges
                0x0000000000000000       0x28 Output/STM32F429_TESTCASE Debug/Obj/system_stm32f4xx.o
 .debug_aranges
                0x0000000000000028      0x110 Output/STM32F429_TESTCASE Debug/Obj/SEGGER_RTT.o
 .debug_aranges
                0x0000000000000138       0x38 Output/STM32F429_TESTCASE Debug/Obj/SEGGER_RTT_SES.o
 .debug_aranges
                0x0000000000000170       0x28 Output/STM32F429_TESTCASE Debug/Obj/main.o
 .debug_aranges
                0x0000000000000198       0x80 Output/STM32F429_TESTCASE Debug/Obj/thumb_crt0.o
 .debug_aranges
                0x0000000000000218       0x20 Output/STM32F429_TESTCASE Debug/Obj/STM32F4xx_Startup.o
 .debug_aranges
                0x0000000000000238       0x20 Output/STM32F429_TESTCASE Debug/Obj/STM32F40x_Vectors.o
 .debug_aranges
                0x0000000000000258       0x80 Output/STM32F429_TESTCASE Debug/Obj/sys.o
 .debug_aranges
                0x00000000000002d8       0x28 Output/STM32F429_TESTCASE Debug/Obj/usart.o

.debug_ranges   0x0000000000000000      0x258
 .debug_ranges  0x0000000000000000       0x18 Output/STM32F429_TESTCASE Debug/Obj/system_stm32f4xx.o
 .debug_ranges  0x0000000000000018      0x100 Output/STM32F429_TESTCASE Debug/Obj/SEGGER_RTT.o
 .debug_ranges  0x0000000000000118       0x28 Output/STM32F429_TESTCASE Debug/Obj/SEGGER_RTT_SES.o
 .debug_ranges  0x0000000000000140       0x18 Output/STM32F429_TESTCASE Debug/Obj/main.o
 .debug_ranges  0x0000000000000158       0x78 Output/STM32F429_TESTCASE Debug/Obj/thumb_crt0.o
 .debug_ranges  0x00000000000001d0       0x70 Output/STM32F429_TESTCASE Debug/Obj/sys.o
 .debug_ranges  0x0000000000000240       0x18 Output/STM32F429_TESTCASE Debug/Obj/usart.o

.debug_macro    0x0000000000000000    0x1827a
 .debug_macro   0x0000000000000000       0x93 Output/STM32F429_TESTCASE Debug/Obj/system_stm32f4xx.o
 .debug_macro   0x0000000000000093      0xad2 Output/STM32F429_TESTCASE Debug/Obj/system_stm32f4xx.o
 .debug_macro   0x0000000000000b65       0x33 Output/STM32F429_TESTCASE Debug/Obj/system_stm32f4xx.o
 .debug_macro   0x0000000000000b98       0x28 Output/STM32F429_TESTCASE Debug/Obj/system_stm32f4xx.o
 .debug_macro   0x0000000000000bc0      0x1a3 Output/STM32F429_TESTCASE Debug/Obj/system_stm32f4xx.o
 .debug_macro   0x0000000000000d63       0x35 Output/STM32F429_TESTCASE Debug/Obj/system_stm32f4xx.o
 .debug_macro   0x0000000000000d98       0x50 Output/STM32F429_TESTCASE Debug/Obj/system_stm32f4xx.o
 .debug_macro   0x0000000000000de8      0xe66 Output/STM32F429_TESTCASE Debug/Obj/system_stm32f4xx.o
 .debug_macro   0x0000000000001c4e    0x15d7f Output/STM32F429_TESTCASE Debug/Obj/system_stm32f4xx.o
 .debug_macro   0x00000000000179cd       0x43 Output/STM32F429_TESTCASE Debug/Obj/system_stm32f4xx.o
 .debug_macro   0x0000000000017a10       0xac Output/STM32F429_TESTCASE Debug/Obj/SEGGER_RTT.o
 .debug_macro   0x0000000000017abc       0x48 Output/STM32F429_TESTCASE Debug/Obj/SEGGER_RTT.o
 .debug_macro   0x0000000000017b04       0x89 Output/STM32F429_TESTCASE Debug/Obj/SEGGER_RTT.o
 .debug_macro   0x0000000000017b8d       0x2e Output/STM32F429_TESTCASE Debug/Obj/SEGGER_RTT.o
 .debug_macro   0x0000000000017bbb       0x22 Output/STM32F429_TESTCASE Debug/Obj/SEGGER_RTT.o
 .debug_macro   0x0000000000017bdd      0x115 Output/STM32F429_TESTCASE Debug/Obj/SEGGER_RTT.o
 .debug_macro   0x0000000000017cf2       0x5c Output/STM32F429_TESTCASE Debug/Obj/SEGGER_RTT_SES.o
 .debug_macro   0x0000000000017d4e       0x10 Output/STM32F429_TESTCASE Debug/Obj/SEGGER_RTT_SES.o
 .debug_macro   0x0000000000017d5e       0x6b Output/STM32F429_TESTCASE Debug/Obj/SEGGER_RTT_SES.o
 .debug_macro   0x0000000000017dc9       0xc4 Output/STM32F429_TESTCASE Debug/Obj/main.o
 .debug_macro   0x0000000000017e8d       0x78 Output/STM32F429_TESTCASE Debug/Obj/main.o
 .debug_macro   0x0000000000017f05       0x28 Output/STM32F429_TESTCASE Debug/Obj/main.o
 .debug_macro   0x0000000000017f2d      0x1f6 Output/STM32F429_TESTCASE Debug/Obj/main.o
 .debug_macro   0x0000000000018123       0x10 Output/STM32F429_TESTCASE Debug/Obj/main.o
 .debug_macro   0x0000000000018133       0x90 Output/STM32F429_TESTCASE Debug/Obj/sys.o
 .debug_macro   0x00000000000181c3       0xb7 Output/STM32F429_TESTCASE Debug/Obj/usart.o

.debug_line     0x0000000000000000     0x1d7a
 .debug_line    0x0000000000000000      0x31c Output/STM32F429_TESTCASE Debug/Obj/system_stm32f4xx.o
 .debug_line    0x000000000000031c      0x91e Output/STM32F429_TESTCASE Debug/Obj/SEGGER_RTT.o
 .debug_line    0x0000000000000c3a      0x1a7 Output/STM32F429_TESTCASE Debug/Obj/SEGGER_RTT_SES.o
 .debug_line    0x0000000000000de1      0x31e Output/STM32F429_TESTCASE Debug/Obj/main.o
 .debug_line    0x00000000000010ff      0x1fa Output/STM32F429_TESTCASE Debug/Obj/thumb_crt0.o
 .debug_line    0x00000000000012f9       0xc1 Output/STM32F429_TESTCASE Debug/Obj/STM32F4xx_Startup.o
 .debug_line    0x00000000000013ba       0xfe Output/STM32F429_TESTCASE Debug/Obj/STM32F40x_Vectors.o
 .debug_line    0x00000000000014b8      0x58e Output/STM32F429_TESTCASE Debug/Obj/sys.o
 .debug_line    0x0000000000001a46      0x334 Output/STM32F429_TESTCASE Debug/Obj/usart.o

.debug_str      0x0000000000000000    0x85cdd
 .debug_str     0x0000000000000000    0x8324a Output/STM32F429_TESTCASE Debug/Obj/system_stm32f4xx.o
                                      0x832c0 (size before relaxing)
 .debug_str     0x000000000008324a     0x1702 Output/STM32F429_TESTCASE Debug/Obj/SEGGER_RTT.o
                                       0x439c (size before relaxing)
 .debug_str     0x000000000008494c      0x1c0 Output/STM32F429_TESTCASE Debug/Obj/SEGGER_RTT_SES.o
                                       0x3f7f (size before relaxing)
 .debug_str     0x0000000000084b0c      0x846 Output/STM32F429_TESTCASE Debug/Obj/main.o
                                      0x84125 (size before relaxing)
 .debug_str     0x0000000000085352       0x6e Output/STM32F429_TESTCASE Debug/Obj/thumb_crt0.o
                                         0xc1 (size before relaxing)
 .debug_str     0x00000000000853c0       0x78 Output/STM32F429_TESTCASE Debug/Obj/STM32F4xx_Startup.o
                                         0xd9 (size before relaxing)
 .debug_str     0x0000000000085438       0x78 Output/STM32F429_TESTCASE Debug/Obj/STM32F40x_Vectors.o
                                         0xd9 (size before relaxing)
 .debug_str     0x00000000000854b0      0x2b0 Output/STM32F429_TESTCASE Debug/Obj/sys.o
                                      0x83bc7 (size before relaxing)
 .debug_str     0x0000000000085760      0x57d Output/STM32F429_TESTCASE Debug/Obj/usart.o
                                      0x846f2 (size before relaxing)

.comment        0x0000000000000000       0x43
 .comment       0x0000000000000000       0x43 Output/STM32F429_TESTCASE Debug/Obj/system_stm32f4xx.o
                                         0x44 (size before relaxing)
 .comment       0x0000000000000043       0x44 Output/STM32F429_TESTCASE Debug/Obj/SEGGER_RTT.o
 .comment       0x0000000000000043       0x44 Output/STM32F429_TESTCASE Debug/Obj/SEGGER_RTT_SES.o
 .comment       0x0000000000000043       0x44 Output/STM32F429_TESTCASE Debug/Obj/main.o
 .comment       0x0000000000000043       0x44 Output/STM32F429_TESTCASE Debug/Obj/sys.o
 .comment       0x0000000000000043       0x44 Output/STM32F429_TESTCASE Debug/Obj/usart.o
 .comment       0x0000000000000043       0x44 D:/Program Files/SEGGER/SEGGER Embedded Studio for ARM 4.30/lib/libc_v7em_fpv4_sp_d16_hard_t_le_eabi.a(libc2.o)
 .comment       0x0000000000000043       0x44 D:/Program Files/SEGGER/SEGGER Embedded Studio for ARM 4.30/lib/libvfprintf_v7em_fpv4_sp_d16_hard_t_le_eabi.o

.ARM.attributes
                0x0000000000000000       0x37
 .ARM.attributes
                0x0000000000000000       0x39 Output/STM32F429_TESTCASE Debug/Obj/system_stm32f4xx.o
 .ARM.attributes
                0x0000000000000039       0x39 Output/STM32F429_TESTCASE Debug/Obj/SEGGER_RTT.o
 .ARM.attributes
                0x0000000000000072       0x39 Output/STM32F429_TESTCASE Debug/Obj/SEGGER_RTT_SES.o
 .ARM.attributes
                0x00000000000000ab       0x39 Output/STM32F429_TESTCASE Debug/Obj/main.o
 .ARM.attributes
                0x00000000000000e4       0x25 Output/STM32F429_TESTCASE Debug/Obj/thumb_crt0.o
 .ARM.attributes
                0x0000000000000109       0x25 Output/STM32F429_TESTCASE Debug/Obj/STM32F4xx_Startup.o
 .ARM.attributes
                0x000000000000012e       0x25 Output/STM32F429_TESTCASE Debug/Obj/STM32F40x_Vectors.o
 .ARM.attributes
                0x0000000000000153       0x39 Output/STM32F429_TESTCASE Debug/Obj/sys.o
 .ARM.attributes
                0x000000000000018c       0x39 Output/STM32F429_TESTCASE Debug/Obj/usart.o
 .ARM.attributes
                0x00000000000001c5       0x34 D:/Program Files/SEGGER/SEGGER Embedded Studio for ARM 4.30/lib/libc_v7em_fpv4_sp_d16_hard_t_le_eabi.a(libc2.o)
 .ARM.attributes
                0x00000000000001f9       0x20 D:/Program Files/SEGGER/SEGGER Embedded Studio for ARM 4.30/lib/libc_v7em_fpv4_sp_d16_hard_t_le_eabi.a(libc2_asm.o)
 .ARM.attributes
                0x0000000000000219       0x34 D:/Program Files/SEGGER/SEGGER Embedded Studio for ARM 4.30/lib/libvfprintf_v7em_fpv4_sp_d16_hard_t_le_eabi.o
